[10, 20, 30, 40, 1, 2, 3, 4, 11, 39, 18, 32, 5, 15, 25, 35, 23, 27, 6, 21, 29, 12, 38, 7, 16, 34, 19, 31, 8, 13, 37, 24, 26, 9, 22, 28, 17, 33, 14, 36]
