0.8414709848078965
--<<UraUra>>--
все будет хорошо!! 3, 5
