0.0
--<<ЖЖЖ,УУУ,ЖЖЖ,УУУ>>--
0.8414709848078965
все будет хорошо!! 3, 6
