len(a)=31, len(b)=9
[1, 2, 4, 8, 16, 32, 64, 128, 256, 512, 1024, 2048, 4096, 8192, 16384, 32768, 65536, 131072, 262144, 524288, 1048576, 2097152, 4194304, 8388608, 16777216, 33554432, 67108864, 134217728, 268435456, 536870912, 1073741824](False), [1, 10, 100, 1000, 10000, 100000, 1000000, 10000000, 100000000](False)
a=grange(1, 2, 2000000000), b=grange(1, 10, 1000000000)
len(list(a))=31, len(list(b))=9
a[5]=32, a[21]=2097152
a=grange(1000, 2, 100000), a[7]=128000
b=grange(1000, 4, 100000), b[8]=65536000, list(b)=[1000, 4000, 16000, 64000]
