17370,23160,28950
37350,49800,62250
4141470,5241690,6341910
