__init__: (10,), {}
add: (9,), {}
113
add: (9,), {'another': 10}
71
