a(True):1.0 b(True):1.5
a < b=True, b < a=False, a < a=False, b < b=False
a in b=False, b in a=False, a in a=True, b in b=True
a & b=False, b & a=False, a & a=True, b & b=True
